[
    [
        {
            "line": 1,
            "token": "begin",
            "type": "OpenBlockDelimiter"
        }
    ],
    [
        {
            "line": 2,
            "token": "let",
            "type": "AssignmentCommand"
        },
        {
            "line": 2,
            "token": "testvar",
            "type": "Identifier"
        },
        {
            "line": 2,
            "token": "be",
            "type": "TransitionalOperator"
        },
        {
            "line": 2,
            "token": "1234",
            "type": "Number"
        }
    ],
    [
        {
            "line": 3,
            "token": "let",
            "type": "AssignmentCommand"
        },
        {
            "line": 3,
            "token": "result",
            "type": "Identifier"
        },
        {
            "line": 3,
            "token": "be",
            "type": "TransitionalOperator"
        },
        {
            "line": 3,
            "token": "5",
            "type": "Number"
        },
        {
            "line": 3,
            "token": "*",
            "type": "Operator"
        },
        {
            "line": 3,
            "token": "(",
            "type": "OpenGroupDelimiter"
        },
        {
            "line": 3,
            "token": "15",
            "type": "Number"
        },
        {
            "line": 3,
            "token": "/",
            "type": "Operator"
        },
        {
            "line": 3,
            "token": "4",
            "type": "Number"
        },
        {
            "line": 3,
            "token": ")",
            "type": "CloseGroupDelimiter"
        },
        {
            "line": 3,
            "token": "+",
            "type": "Operator"
        },
        {
            "line": 3,
            "token": "7",
            "type": "Number"
        }
    ],
    [
        {
            "line": 4,
            "token": "let",
            "type": "AssignmentCommand"
        },
        {
            "line": 4,
            "token": "count",
            "type": "Identifier"
        },
        {
            "line": 4,
            "token": "be",
            "type": "TransitionalOperator"
        },
        {
            "line": 4,
            "token": "0",
            "type": "Number"
        }
    ],
    [
        {
            "line": 5,
            "token": "let",
            "type": "AssignmentCommand"
        },
        {
            "line": 5,
            "token": "negativenumber",
            "type": "Identifier"
        },
        {
            "line": 5,
            "token": "be",
            "type": "TransitionalOperator"
        },
        {
            "line": 5,
            "token": "-2",
            "type": "Number"
        }
    ],
    [
        {
            "line": 9,
            "token": "loop",
            "type": "ControlOperator"
        },
        {
            "line": 9,
            "token": "while",
            "type": "TransitionalOperator"
        },
        {
            "line": 9,
            "token": "count",
            "type": "Identifier"
        },
        {
            "line": 9,
            "token": "islessthan",
            "type": "Operator"
        },
        {
            "line": 9,
            "token": "5",
            "type": "Number"
        }
    ],
    [
        {
            "line": 10,
            "token": "let",
            "type": "AssignmentCommand"
        },
        {
            "line": 10,
            "token": "countstring",
            "type": "Identifier"
        },
        {
            "line": 10,
            "token": "be",
            "type": "TransitionalOperator"
        },
        {
            "line": 10,
            "token": "...",
            "type": "LineContinuationOperator"
        }
    ],
    [
        {
            "line": 11,
            "token": "(",
            "type": "OpenGroupDelimiter"
        },
        {
            "line": 11,
            "token": "concat",
            "type": "Identifier"
        },
        {
            "line": 11,
            "token": ":",
            "type": "FunctionExecutionIndicator"
        },
        {
            "line": 11,
            "token": "\"Current count is: \"",
            "type": "String"
        },
        {
            "line": 11,
            "token": "count",
            "type": "Identifier"
        },
        {
            "line": 11,
            "token": ")",
            "type": "CloseGroupDelimiter"
        }
    ],
    [
        {
            "line": 13,
            "token": "print",
            "type": "Identifier"
        },
        {
            "line": 13,
            "token": ":",
            "type": "FunctionExecutionIndicator"
        },
        {
            "line": 13,
            "token": "countstring",
            "type": "Identifier"
        }
    ],
    [
        {
            "line": 14,
            "token": "print",
            "type": "Identifier"
        },
        {
            "line": 14,
            "token": ":",
            "type": "FunctionExecutionIndicator"
        },
        {
            "line": 14,
            "token": "\"This is a test of escaping '\"'.\"",
            "type": "String"
        }
    ],
    [
        {
            "line": 16,
            "token": "update",
            "type": "Identifier"
        },
        {
            "line": 16,
            "token": "count",
            "type": "Identifier"
        },
        {
            "line": 16,
            "token": "to",
            "type": "TransitionalOperator"
        },
        {
            "line": 16,
            "token": "(",
            "type": "OpenGroupDelimiter"
        },
        {
            "line": 16,
            "token": "count",
            "type": "Identifier"
        },
        {
            "line": 16,
            "token": "+",
            "type": "Operator"
        },
        {
            "line": 16,
            "token": "1",
            "type": "Number"
        },
        {
            "line": 16,
            "token": ")",
            "type": "CloseGroupDelimiter"
        }
    ],
    [
        {
            "line": 17,
            "token": "end",
            "type": "CloseBlockDelimiter"
        }
    ],
    [
        {
            "line": 19,
            "token": "declare",
            "type": "AssignmentCommand"
        },
        {
            "line": 19,
            "token": "function",
            "type": "ControlOperator"
        },
        {
            "line": 19,
            "token": "printresult",
            "type": "Identifier"
        },
        {
            "line": 19,
            "token": "withparameters",
            "type": "TransitionalOperator"
        },
        {
            "line": 19,
            "token": "count",
            "type": "Identifier"
        }
    ],
    [
        {
            "line": 20,
            "token": "if",
            "type": "ControlOperator"
        },
        {
            "line": 20,
            "token": "count",
            "type": "Identifier"
        },
        {
            "line": 20,
            "token": "isequalto",
            "type": "Operator"
        },
        {
            "line": 20,
            "token": "4",
            "type": "Number"
        }
    ],
    [
        {
            "line": 21,
            "token": "print",
            "type": "Identifier"
        },
        {
            "line": 21,
            "token": ":",
            "type": "FunctionExecutionIndicator"
        },
        {
            "line": 21,
            "token": "\"testing\"",
            "type": "String"
        }
    ],
    [
        {
            "line": 22,
            "token": "else",
            "type": "ControlOperator"
        },
        {
            "line": 22,
            "token": "if",
            "type": "ControlOperator"
        },
        {
            "line": 22,
            "token": "false",
            "type": "Boolean"
        }
    ],
    [
        {
            "line": 23,
            "token": "print",
            "type": "Identifier"
        },
        {
            "line": 23,
            "token": ":",
            "type": "FunctionExecutionIndicator"
        },
        {
            "line": 23,
            "token": "\"this is also not supposed to run\"",
            "type": "String"
        }
    ],
    [
        {
            "line": 24,
            "token": "else",
            "type": "ControlOperator"
        }
    ],
    [
        {
            "line": 25,
            "token": "print",
            "type": "Identifier"
        },
        {
            "line": 25,
            "token": ":",
            "type": "FunctionExecutionIndicator"
        },
        {
            "line": 25,
            "token": "\"This should print\"",
            "type": "String"
        }
    ],
    [
        {
            "line": 26,
            "token": "end",
            "type": "CloseBlockDelimiter"
        }
    ],
    [
        {
            "line": 27,
            "token": "end",
            "type": "CloseBlockDelimiter"
        }
    ],
    [
        {
            "line": 28,
            "token": "end",
            "type": "CloseBlockDelimiter"
        }
    ]
]
