{
    "type": "Program",
    "body": [
        {
            "type": "InitializationExpression",
            "line": 2,
            "variableType": "let",
            "identifier": {
                "type": "Identifier",
                "name": "sum",
                "originalName": "sum"
            },
            "value": {
                "type": "BinaryExpression",
                "operator": "+",
                "left": {
                    "type": "Literal",
                    "value": 1
                },
                "right": {
                    "type": "Literal",
                    "value": 2
                }
            }
        },
        {
            "type": "InitializationExpression",
            "line": 3,
            "variableType": "let",
            "identifier": {
                "type": "Identifier",
                "name": "computedvalue",
                "originalName": "computedValue"
            },
            "value": {
                "type": "BinaryExpression",
                "operator": "+",
                "left": {
                    "type": "Literal",
                    "value": 1
                },
                "right": {
                    "type": "Group",
                    "body": {
                        "type": "BinaryExpression",
                        "operator": "*",
                        "left": {
                            "type": "Literal",
                            "value": 2
                        },
                        "right": {
                            "type": "Literal",
                            "value": 3
                        }
                    }
                }
            }
        },
        {
            "type": "InitializationExpression",
            "line": 4,
            "variableType": "let",
            "identifier": {
                "type": "Identifier",
                "name": "computevalue2",
                "originalName": "computeValue2"
            },
            "value": {
                "type": "BinaryExpression",
                "operator": "+",
                "left": {
                    "type": "BinaryExpression",
                    "operator": "*",
                    "left": {
                        "type": "Literal",
                        "value": 3
                    },
                    "right": {
                        "type": "Literal",
                        "value": 4
                    }
                },
                "right": {
                    "type": "BinaryExpression",
                    "operator": "+",
                    "left": {
                        "type": "BinaryExpression",
                        "operator": "/",
                        "left": {
                            "type": "Literal",
                            "value": 7
                        },
                        "right": {
                            "type": "Literal",
                            "value": 2
                        }
                    },
                    "right": {
                        "type": "Group",
                        "body": {
                            "type": "BinaryExpression",
                            "operator": "/",
                            "left": {
                                "type": "Group",
                                "body": {
                                    "type": "BinaryExpression",
                                    "operator": "-",
                                    "left": {
                                        "type": "Literal",
                                        "value": 5
                                    },
                                    "right": {
                                        "type": "Literal",
                                        "value": 2
                                    }
                                }
                            },
                            "right": {
                                "type": "Literal",
                                "value": 7
                            }
                        }
                    }
                }
            }
        }
    ]
}
