{
    "type": "Program",
    "body": [
        {
            "type": "Conditional",
            "condition": {
                "type": "FunctionCall",
                "name": "islessthan",
                "arguments": [
                    {
                        "type": "Literal",
                        "value": 5
                    },
                    {
                        "type": "Literal",
                        "value": 6
                    }
                ]
            },
            "success": [
                {
                    "type": "FunctionCall",
                    "name": "print",
                    "arguments": [
                        {
                            "type": "Literal",
                            "value": "This is a test"
                        }
                    ]
                }
            ],
            "fail": []
        },
        {
            "type": "Conditional",
            "condition": {
                "type": "BinaryExpression",
                "operator": "and",
                "left": {
                    "type": "Literal",
                    "value": true
                },
                "right": {
                    "type": "Literal",
                    "value": false
                }
            },
            "success": [
                {
                    "type": "FunctionCall",
                    "name": "print",
                    "arguments": [
                        {
                            "type": "Literal",
                            "value": "This will never print"
                        }
                    ]
                }
            ],
            "fail": [
                {
                    "type": "Conditional",
                    "condition": {
                        "type": "FunctionCall",
                        "name": "isgreaterthan",
                        "arguments": [
                            {
                                "type": "Literal",
                                "value": 6
                            },
                            {
                                "type": "Literal",
                                "value": 4
                            }
                        ]
                    },
                    "success": [
                        {
                            "type": "FunctionCall",
                            "name": "print",
                            "arguments": [
                                {
                                    "type": "Literal",
                                    "value": "This will always print"
                                }
                            ]
                        }
                    ],
                    "fail": [
                        {
                            "type": "FunctionCall",
                            "name": "print",
                            "arguments": [
                                {
                                    "type": "Literal",
                                    "value": "This will also never print"
                                }
                            ]
                        }
                    ]
                }
            ]
        },
        {
            "type": "FunctionCall",
            "name": "print",
            "arguments": [
                {
                    "type": "Literal",
                    "value": "This line is to ensure the program does not exit early"
                }
            ]
        }
    ]
}
