{
    "type": "Program",
    "body": [
        {
            "type": "InitializationExpression",
            "line": 3,
            "variableType": "define",
            "identifier": {
                "type": "Identifier",
                "name": "pi",
                "originalName": "pi"
            },
            "value": {
                "type": "Literal",
                "value": 3.14159
            }
        },
        {
            "type": "InitializationExpression",
            "line": 4,
            "variableType": "define",
            "identifier": {
                "type": "Identifier",
                "name": "e",
                "originalName": "e"
            },
            "value": {
                "type": "Literal",
                "value": 2.71828
            }
        },
        {
            "type": "InitializationExpression",
            "line": 7,
            "variableType": "let",
            "identifier": {
                "type": "Identifier",
                "name": "test1",
                "originalName": "test1"
            },
            "value": {
                "type": "Literal",
                "value": 0
            }
        },
        {
            "type": "InitializationExpression",
            "line": 8,
            "variableType": "let",
            "identifier": {
                "type": "Identifier",
                "name": "test2",
                "originalName": "test2"
            },
            "value": {
                "type": "Literal",
                "value": true
            }
        },
        {
            "type": "InitializationExpression",
            "line": 9,
            "variableType": "let",
            "identifier": {
                "type": "Identifier",
                "name": "test3",
                "originalName": "test3"
            },
            "value": {
                "type": "Literal",
                "value": "Hello, World!"
            }
        },
        {
            "type": "InitializationExpression",
            "line": 12,
            "variableType": "let",
            "identifier": {
                "type": "Identifier",
                "name": "test4",
                "originalName": "test4"
            },
            "value": {
                "type": "Identifier",
                "name": "pi",
                "originalName": "pi"
            }
        }
    ]
}
